Component: ARM Compiler 5.06 update 4 (build 422) Tool: armlink [4d35d2]

==============================================================================

Section Cross References

    main.o(i.Init_Accel) refers to delay.o(i.Delay) for Delay
    main.o(i.Init_Accel) refers to mma8451.o(i.init_mma) for init_mma
    main.o(i.Init_Accel) refers to leds.o(i.Control_RGB_LEDs) for Control_RGB_LEDs
    main.o(i.Tilt) refers to lptimer.o(i.Init_LPTMR) for Init_LPTMR
    main.o(i.Tilt) refers to lptimer.o(i.Start_LPTMR) for Start_LPTMR
    main.o(i.main) refers to leds.o(i.Init_RGB_LEDs) for Init_RGB_LEDs
    main.o(i.main) refers to leds.o(i.Control_RGB_LEDs) for Control_RGB_LEDs
    main.o(i.main) refers to i2c.o(i.i2c_init) for i2c_init
    main.o(i.main) refers to main.o(i.Init_Accel) for Init_Accel
    main.o(i.main) refers to main.o(i.Tilt) for Tilt
    mma8451.o(i.convert_xyz_to_roll_pitch) refers to dflti.o(.text) for __aeabi_i2d
    mma8451.o(i.convert_xyz_to_roll_pitch) refers to dscalbn.o(.text) for __ARM_scalbn
    mma8451.o(i.convert_xyz_to_roll_pitch) refers to d2f.o(.text) for __aeabi_d2f
    mma8451.o(i.convert_xyz_to_roll_pitch) refers to f2d.o(.text) for __aeabi_f2d
    mma8451.o(i.convert_xyz_to_roll_pitch) refers to atan2.o(i.atan2) for atan2
    mma8451.o(i.convert_xyz_to_roll_pitch) refers to dmul.o(.text) for __aeabi_dmul
    mma8451.o(i.convert_xyz_to_roll_pitch) refers to ddiv.o(.text) for __aeabi_ddiv
    mma8451.o(i.convert_xyz_to_roll_pitch) refers to fmul.o(x$fpl$fmul) for __aeabi_fmul
    mma8451.o(i.convert_xyz_to_roll_pitch) refers to faddsub.o(x$fpl$fadd) for __aeabi_fadd
    mma8451.o(i.convert_xyz_to_roll_pitch) refers to sqrt.o(i.sqrt) for sqrt
    mma8451.o(i.init_mma) refers to i2c.o(i.i2c_write_bytes) for i2c_write_bytes
    mma8451.o(i.read_full_xyz) refers to i2c.o(i.i2c_read_bytes) for i2c_read_bytes
    i2c.o(i.i2c_read_bytes) refers to i2c.o(i.i2c_wait) for i2c_wait
    i2c.o(i.i2c_wait) refers to i2c.o(i.i2c_busy) for i2c_busy
    i2c.o(i.i2c_write_bytes) refers to i2c.o(i.i2c_wait) for i2c_wait
    lptimer.o(i.Init_LPTMR) refers to aeabi_sdivfast.o(.text) for __aeabi_uidivmod
    lptimer.o(i.Init_LPTMR) refers to lptimer.o(i.NVIC_SetPriority) for NVIC_SetPriority
    lptimer.o(i.LPTMR0_IRQHandler) refers to mma8451.o(i.read_full_xyz) for read_full_xyz
    lptimer.o(i.LPTMR0_IRQHandler) refers to mma8451.o(i.convert_xyz_to_roll_pitch) for convert_xyz_to_roll_pitch
    lptimer.o(i.LPTMR0_IRQHandler) refers to f2d.o(.text) for __aeabi_f2d
    lptimer.o(i.LPTMR0_IRQHandler) refers to drlef.o(x$fpl$drleqf) for __aeabi_cdrcmple
    lptimer.o(i.LPTMR0_IRQHandler) refers to leds.o(i.Control_RGB_LEDs) for Control_RGB_LEDs
    lptimer.o(i.LPTMR0_IRQHandler) refers to delay.o(i.ShortDelay) for ShortDelay
    lptimer.o(i.LPTMR0_IRQHandler) refers to lptimer.o(.data) for LPT_ticks
    startup_mkl25z4.o(STACK) refers (Special) to heapauxi.o(.text) for __use_two_region_memory
    startup_mkl25z4.o(HEAP) refers (Special) to heapauxi.o(.text) for __use_two_region_memory
    startup_mkl25z4.o(RESET) refers (Special) to heapauxi.o(.text) for __use_two_region_memory
    startup_mkl25z4.o(RESET) refers to startup_mkl25z4.o(STACK) for __initial_sp
    startup_mkl25z4.o(RESET) refers to startup_mkl25z4.o(.text) for Reset_Handler
    startup_mkl25z4.o(RESET) refers to lptimer.o(i.LPTMR0_IRQHandler) for LPTMR0_IRQHandler
    startup_mkl25z4.o(.ARM.__at_0x400) refers (Special) to heapauxi.o(.text) for __use_two_region_memory
    startup_mkl25z4.o(.text) refers (Special) to heapauxi.o(.text) for __use_two_region_memory
    startup_mkl25z4.o(.text) refers to system_mkl25z4.o(i.SystemInit) for SystemInit
    startup_mkl25z4.o(.text) refers to __main.o(!!!main) for __main
    startup_mkl25z4.o(.text) refers to startup_mkl25z4.o(HEAP) for Heap_Mem
    startup_mkl25z4.o(.text) refers to startup_mkl25z4.o(STACK) for Stack_Mem
    system_mkl25z4.o(i.SystemCoreClockUpdate) refers to aeabi_sdivfast.o(.text) for __aeabi_uidivmod
    system_mkl25z4.o(i.SystemCoreClockUpdate) refers to system_mkl25z4.o(i.__ARM_common_switch8) for __ARM_common_switch8
    system_mkl25z4.o(i.SystemCoreClockUpdate) refers to system_mkl25z4.o(.data) for SystemCoreClock
    __main.o(!!!main) refers to __rtentry.o(.ARM.Collect$$rtentry$$00000000) for __rt_entry
    d2f.o(.text) refers (Special) to usenofp.o(x$fpl$usenofp) for __I$use$fp
    ddiv.o(.text) refers (Special) to usenofp.o(x$fpl$usenofp) for __I$use$fp
    ddiv.o(.text) refers to ddiv.o(.constdata) for .constdata
    ddiv.o(.constdata) refers (Special) to usenofp.o(x$fpl$usenofp) for __I$use$fp
    dflti.o(.text) refers (Special) to usenofp.o(x$fpl$usenofp) for __I$use$fp
    dmul.o(.text) refers (Special) to usenofp.o(x$fpl$usenofp) for __I$use$fp
    drlef.o(x$fpl$drleqf) refers (Special) to usenofp.o(x$fpl$usenofp) for __I$use$fp
    drlef.o(x$fpl$drleqf) refers to dcmpin.o(.text) for __fpl_dcmp_InfNaN
    dscalbn.o(.text) refers (Special) to usenofp.o(x$fpl$usenofp) for __I$use$fp
    f2d.o(.text) refers (Special) to usenofp.o(x$fpl$usenofp) for __I$use$fp
    faddsub.o(x$fpl$fadd) refers (Special) to usenofp.o(x$fpl$usenofp) for __I$use$fp
    faddsub.o(x$fpl$fadd) refers to faddsub.o(x$fpl$fsub) for _fsub1
    faddsub.o(x$fpl$frsb) refers (Special) to usenofp.o(x$fpl$usenofp) for __I$use$fp
    faddsub.o(x$fpl$frsb) refers to faddsub.o(x$fpl$fsub) for _fsub1
    faddsub.o(x$fpl$frsb) refers to faddsub.o(x$fpl$fadd) for _fadd1
    faddsub.o(x$fpl$fsub) refers (Special) to usenofp.o(x$fpl$usenofp) for __I$use$fp
    faddsub.o(x$fpl$fsub) refers to faddsub.o(x$fpl$fadd) for _fadd1
    fmul.o(x$fpl$fmul) refers (Special) to usenofp.o(x$fpl$usenofp) for __I$use$fp
    atan2.o(i.__softfp_atan2) refers (Special) to usenofp.o(x$fpl$usenofp) for __I$use$fp
    atan2.o(i.__softfp_atan2) refers to atan2.o(i.atan2) for atan2
    atan2.o(i.atan2) refers (Special) to usenofp.o(x$fpl$usenofp) for __I$use$fp
    atan2.o(i.atan2) refers to dunder.o(i.__mathlib_dbl_infnan2) for __mathlib_dbl_infnan2
    atan2.o(i.atan2) refers to atan.o(i.atan) for atan
    atan2.o(i.atan2) refers to ddiv.o(.text) for __aeabi_ddiv
    atan2.o(i.atan2) refers to daddsub.o(.text) for __aeabi_dsub
    atan2.o(i.atan2) refers to qnan.o(.constdata) for __mathlib_zero
    atan2_x.o(i.____softfp_atan2$lsc) refers (Special) to usenofp.o(x$fpl$usenofp) for __I$use$fp
    atan2_x.o(i.____softfp_atan2$lsc) refers to atan2_x.o(i.__atan2$lsc) for __atan2$lsc
    atan2_x.o(i.__atan2$lsc) refers (Special) to usenofp.o(x$fpl$usenofp) for __I$use$fp
    atan2_x.o(i.__atan2$lsc) refers to dunder.o(i.__mathlib_dbl_infnan2) for __mathlib_dbl_infnan2
    atan2_x.o(i.__atan2$lsc) refers to atan.o(i.atan) for atan
    atan2_x.o(i.__atan2$lsc) refers to _rserrno.o(.text) for __set_errno
    atan2_x.o(i.__atan2$lsc) refers to ddiv.o(.text) for __aeabi_ddiv
    atan2_x.o(i.__atan2$lsc) refers to daddsub.o(.text) for __aeabi_dsub
    atan2_x.o(i.__atan2$lsc) refers to qnan.o(.constdata) for __mathlib_zero
    sqrt.o(i.__softfp_sqrt) refers (Special) to usenofp.o(x$fpl$usenofp) for __I$use$fp
    sqrt.o(i.__softfp_sqrt) refers to dsqrt.o(.text) for _dsqrt
    sqrt.o(i.__softfp_sqrt) refers to _rserrno.o(.text) for __set_errno
    sqrt.o(i.sqrt) refers (Special) to usenofp.o(x$fpl$usenofp) for __I$use$fp
    sqrt.o(i.sqrt) refers to dsqrt.o(.text) for _dsqrt
    sqrt.o(i.sqrt) refers to _rserrno.o(.text) for __set_errno
    sqrt_x.o(i.____softfp_sqrt$lsc) refers (Special) to usenofp.o(x$fpl$usenofp) for __I$use$fp
    sqrt_x.o(i.____softfp_sqrt$lsc) refers to dlef.o(x$fpl$dleqf) for __aeabi_cdcmple
    sqrt_x.o(i.____softfp_sqrt$lsc) refers to _rserrno.o(.text) for __set_errno
    sqrt_x.o(i.____softfp_sqrt$lsc) refers to dsqrt.o(.text) for _dsqrt
    sqrt_x.o(i.__sqrt$lsc) refers (Special) to usenofp.o(x$fpl$usenofp) for __I$use$fp
    sqrt_x.o(i.__sqrt$lsc) refers to dlef.o(x$fpl$dleqf) for __aeabi_cdcmple
    sqrt_x.o(i.__sqrt$lsc) refers to _rserrno.o(.text) for __set_errno
    sqrt_x.o(i.__sqrt$lsc) refers to dsqrt.o(.text) for _dsqrt
    __rtentry.o(.ARM.Collect$$rtentry$$00000000) refers (Special) to __rtentry2.o(.ARM.Collect$$rtentry$$0000000A) for __rt_entry_li
    __rtentry.o(.ARM.Collect$$rtentry$$00000000) refers (Special) to __rtentry2.o(.ARM.Collect$$rtentry$$0000000D) for __rt_entry_main
    __rtentry.o(.ARM.Collect$$rtentry$$00000000) refers (Special) to __rtentry2.o(.ARM.Collect$$rtentry$$0000000C) for __rt_entry_postli_1
    __rtentry.o(.ARM.Collect$$rtentry$$00000000) refers (Special) to __rtentry2.o(.ARM.Collect$$rtentry$$00000009) for __rt_entry_postsh_1
    __rtentry.o(.ARM.Collect$$rtentry$$00000000) refers (Special) to __rtentry2.o(.ARM.Collect$$rtentry$$00000002) for __rt_entry_presh_1
    __rtentry.o(.ARM.Collect$$rtentry$$00000000) refers (Special) to __rtentry4.o(.ARM.Collect$$rtentry$$00000004) for __rt_entry_sh
    aeabi_idiv0_sigfpe.o(.text) refers to rt_div0.o(.text) for __rt_div0
    _rserrno.o(.text) refers to rt_errno_addr_intlibspace.o(.text) for __aeabi_errno_addr
    daddsub.o(.text) refers (Special) to usenofp.o(x$fpl$usenofp) for __I$use$fp
    dcmpin.o(.text) refers (Special) to usenofp.o(x$fpl$usenofp) for __I$use$fp
    dcmpin.o(.text) refers to cmpret.o(.text) for __fpl_cmpreturn
    dcmpin.o(.text) refers to dnan2.o(.text) for __fpl_dcheck_NaN2
    dlef.o(x$fpl$dleqf) refers (Special) to usenofp.o(x$fpl$usenofp) for __I$use$fp
    dlef.o(x$fpl$dleqf) refers to dcmpin.o(.text) for __fpl_dcmp_InfNaN
    dsqrt.o(.text) refers (Special) to usenofp.o(x$fpl$usenofp) for __I$use$fp
    atan.o(i.__softfp_atan) refers (Special) to usenofp.o(x$fpl$usenofp) for __I$use$fp
    atan.o(i.__softfp_atan) refers to atan.o(i.atan) for atan
    atan.o(i.atan) refers (Special) to usenofp.o(x$fpl$usenofp) for __I$use$fp
    atan.o(i.atan) refers to dunder.o(i.__mathlib_dbl_infnan) for __mathlib_dbl_infnan
    atan.o(i.atan) refers to fpclassify.o(i.__ARM_fpclassify) for __ARM_fpclassify
    atan.o(i.atan) refers to dunder.o(i.__mathlib_dbl_underflow) for __mathlib_dbl_underflow
    atan.o(i.atan) refers to daddsub.o(.text) for __aeabi_dadd
    atan.o(i.atan) refers to dscalbn.o(.text) for __ARM_scalbn
    atan.o(i.atan) refers to ddiv.o(.text) for __aeabi_ddiv
    atan.o(i.atan) refers to dmul.o(.text) for __aeabi_dmul
    atan.o(i.atan) refers to poly.o(i.__kernel_poly) for __kernel_poly
    atan.o(i.atan) refers to atan.o(.constdata) for .constdata
    atan.o(.constdata) refers (Special) to usenofp.o(x$fpl$usenofp) for __I$use$fp
    atan_x.o(i.____softfp_atan$lsc) refers (Special) to usenofp.o(x$fpl$usenofp) for __I$use$fp
    atan_x.o(i.____softfp_atan$lsc) refers to atan_x.o(i.__atan$lsc) for __atan$lsc
    atan_x.o(i.__atan$lsc) refers (Special) to usenofp.o(x$fpl$usenofp) for __I$use$fp
    atan_x.o(i.__atan$lsc) refers to dunder.o(i.__mathlib_dbl_infnan) for __mathlib_dbl_infnan
    atan_x.o(i.__atan$lsc) refers to daddsub.o(.text) for __aeabi_dadd
    atan_x.o(i.__atan$lsc) refers to dscalbn.o(.text) for __ARM_scalbn
    atan_x.o(i.__atan$lsc) refers to ddiv.o(.text) for __aeabi_ddiv
    atan_x.o(i.__atan$lsc) refers to dmul.o(.text) for __aeabi_dmul
    atan_x.o(i.__atan$lsc) refers to poly.o(i.__kernel_poly) for __kernel_poly
    atan_x.o(i.__atan$lsc) refers to atan_x.o(.constdata) for .constdata
    atan_x.o(.constdata) refers (Special) to usenofp.o(x$fpl$usenofp) for __I$use$fp
    dunder.o(i.__mathlib_dbl_divzero) refers to ddiv.o(.text) for __aeabi_ddiv
    dunder.o(i.__mathlib_dbl_infnan) refers to dscalbn.o(.text) for __ARM_scalbn
    dunder.o(i.__mathlib_dbl_infnan2) refers to daddsub.o(.text) for __aeabi_dadd
    dunder.o(i.__mathlib_dbl_invalid) refers to ddiv.o(.text) for __aeabi_ddiv
    dunder.o(i.__mathlib_dbl_overflow) refers to dscalbn.o(.text) for __ARM_scalbn
    dunder.o(i.__mathlib_dbl_posinfnan) refers to dmul.o(.text) for __aeabi_dmul
    dunder.o(i.__mathlib_dbl_underflow) refers to dscalbn.o(.text) for __ARM_scalbn
    qnan.o(.constdata) refers (Special) to usenofp.o(x$fpl$usenofp) for __I$use$fp
    __rtentry2.o(.ARM.Collect$$rtentry$$00000008) refers to boardinit2.o(.text) for _platform_post_stackheap_init
    __rtentry2.o(.ARM.Collect$$rtentry$$0000000A) refers to libinit.o(.ARM.Collect$$libinit$$00000000) for __rt_lib_init
    __rtentry2.o(.ARM.Collect$$rtentry$$0000000B) refers to boardinit3.o(.text) for _platform_post_lib_init
    __rtentry2.o(.ARM.Collect$$rtentry$$0000000D) refers to main.o(i.main) for main
    __rtentry2.o(.ARM.Collect$$rtentry$$0000000D) refers to exit.o(.text) for exit
    __rtentry2.o(.ARM.exidx) refers to __rtentry2.o(.ARM.Collect$$rtentry$$00000001) for .ARM.Collect$$rtentry$$00000001
    __rtentry2.o(.ARM.exidx) refers to __rtentry2.o(.ARM.Collect$$rtentry$$00000008) for .ARM.Collect$$rtentry$$00000008
    __rtentry2.o(.ARM.exidx) refers to __rtentry2.o(.ARM.Collect$$rtentry$$0000000A) for .ARM.Collect$$rtentry$$0000000A
    __rtentry2.o(.ARM.exidx) refers to __rtentry2.o(.ARM.Collect$$rtentry$$0000000B) for .ARM.Collect$$rtentry$$0000000B
    __rtentry2.o(.ARM.exidx) refers to __rtentry2.o(.ARM.Collect$$rtentry$$0000000D) for .ARM.Collect$$rtentry$$0000000D
    __rtentry4.o(.ARM.Collect$$rtentry$$00000004) refers to sys_stackheap_outer.o(.text) for __user_setup_stackheap
    __rtentry4.o(.ARM.exidx) refers to __rtentry4.o(.ARM.Collect$$rtentry$$00000004) for .ARM.Collect$$rtentry$$00000004
    rt_div0.o(.text) refers to defsig_fpe_outer.o(.text) for __rt_SIGFPE
    rt_errno_addr.o(.text) refers to rt_errno_addr.o(.bss) for __aeabi_errno_addr_data
    rt_errno_addr_intlibspace.o(.text) refers to libspace.o(.bss) for __libspace_start
    cmpret.o(.text) refers (Special) to usenofp.o(x$fpl$usenofp) for __I$use$fp
    dnan2.o(.text) refers (Special) to usenofp.o(x$fpl$usenofp) for __I$use$fp
    dnan2.o(.text) refers to retnan.o(.text) for __fpl_return_NaN
    fpclassify.o(i.__ARM_fpclassify) refers (Special) to usenofp.o(x$fpl$usenofp) for __I$use$fp
    poly.o(i.__kernel_poly) refers (Special) to usenofp.o(x$fpl$usenofp) for __I$use$fp
    poly.o(i.__kernel_poly) refers to dmul.o(.text) for __aeabi_dmul
    poly.o(i.__kernel_poly) refers to daddsub.o(.text) for __aeabi_dadd
    libspace.o(.text) refers to libspace.o(.bss) for __libspace_start
    sys_stackheap_outer.o(.text) refers to libspace.o(.text) for __user_perproc_libspace
    sys_stackheap_outer.o(.text) refers to startup_mkl25z4.o(.text) for __user_initial_stackheap
    sys_stackheap_outer.o(__vectab_stack_and_reset_area) refers to tempstk.o(.text) for __temporary_stack_top
    sys_stackheap_outer.o(__vectab_stack_and_reset_area) refers to __main.o(!!!main) for __main
    exit.o(.text) refers to rtexit.o(.ARM.Collect$$rtexit$$00000000) for __rt_exit
    defsig_fpe_outer.o(.text) refers to defsig_fpe_inner.o(.text) for __rt_SIGFPE_inner
    defsig_fpe_outer.o(.text) refers to defsig_exit.o(.text) for __sig_exit
    defsig_fpe_formal.o(.text) refers to rt_raise.o(.text) for __rt_raise
    libinit.o(.ARM.Collect$$libinit$$00000000) refers (Special) to libinit2.o(.ARM.Collect$$libinit$$0000002E) for __rt_lib_init_alloca_1
    libinit.o(.ARM.Collect$$libinit$$00000000) refers (Special) to libinit2.o(.ARM.Collect$$libinit$$0000002C) for __rt_lib_init_argv_1
    libinit.o(.ARM.Collect$$libinit$$00000000) refers (Special) to libinit2.o(.ARM.Collect$$libinit$$0000001B) for __rt_lib_init_atexit_1
    libinit.o(.ARM.Collect$$libinit$$00000000) refers (Special) to libinit2.o(.ARM.Collect$$libinit$$00000021) for __rt_lib_init_clock_1
    libinit.o(.ARM.Collect$$libinit$$00000000) refers (Special) to libinit2.o(.ARM.Collect$$libinit$$00000032) for __rt_lib_init_cpp_1
    libinit.o(.ARM.Collect$$libinit$$00000000) refers (Special) to libinit2.o(.ARM.Collect$$libinit$$00000030) for __rt_lib_init_exceptions_1
    libinit.o(.ARM.Collect$$libinit$$00000000) refers (Special) to libinit2.o(.ARM.Collect$$libinit$$00000002) for __rt_lib_init_fp_1
    libinit.o(.ARM.Collect$$libinit$$00000000) refers (Special) to libinit2.o(.ARM.Collect$$libinit$$0000001F) for __rt_lib_init_fp_trap_1
    libinit.o(.ARM.Collect$$libinit$$00000000) refers (Special) to libinit2.o(.ARM.Collect$$libinit$$00000023) for __rt_lib_init_getenv_1
    libinit.o(.ARM.Collect$$libinit$$00000000) refers (Special) to libinit2.o(.ARM.Collect$$libinit$$0000000A) for __rt_lib_init_heap_1
    libinit.o(.ARM.Collect$$libinit$$00000000) refers (Special) to libinit2.o(.ARM.Collect$$libinit$$00000011) for __rt_lib_init_lc_collate_1
    libinit.o(.ARM.Collect$$libinit$$00000000) refers (Special) to libinit2.o(.ARM.Collect$$libinit$$00000013) for __rt_lib_init_lc_ctype_1
    libinit.o(.ARM.Collect$$libinit$$00000000) refers (Special) to libinit2.o(.ARM.Collect$$libinit$$00000015) for __rt_lib_init_lc_monetary_1
    libinit.o(.ARM.Collect$$libinit$$00000000) refers (Special) to libinit2.o(.ARM.Collect$$libinit$$00000017) for __rt_lib_init_lc_numeric_1
    libinit.o(.ARM.Collect$$libinit$$00000000) refers (Special) to libinit2.o(.ARM.Collect$$libinit$$00000019) for __rt_lib_init_lc_time_1
    libinit.o(.ARM.Collect$$libinit$$00000000) refers (Special) to libinit2.o(.ARM.Collect$$libinit$$00000004) for __rt_lib_init_preinit_1
    libinit.o(.ARM.Collect$$libinit$$00000000) refers (Special) to libinit2.o(.ARM.Collect$$libinit$$0000000E) for __rt_lib_init_rand_1
    libinit.o(.ARM.Collect$$libinit$$00000000) refers (Special) to libinit2.o(.ARM.Collect$$libinit$$00000033) for __rt_lib_init_return
    libinit.o(.ARM.Collect$$libinit$$00000000) refers (Special) to libinit2.o(.ARM.Collect$$libinit$$0000001D) for __rt_lib_init_signal_1
    libinit.o(.ARM.Collect$$libinit$$00000000) refers (Special) to libinit2.o(.ARM.Collect$$libinit$$00000025) for __rt_lib_init_stdio_1
    libinit.o(.ARM.Collect$$libinit$$00000000) refers (Special) to libinit2.o(.ARM.Collect$$libinit$$0000000C) for __rt_lib_init_user_alloc_1
    retnan.o(.text) refers (Special) to usenofp.o(x$fpl$usenofp) for __I$use$fp
    retnan.o(.text) refers to cmpret.o(.text) for __fpl_cmpreturn
    rtexit.o(.ARM.Collect$$rtexit$$00000000) refers (Special) to rtexit2.o(.ARM.Collect$$rtexit$$00000004) for __rt_exit_exit
    rtexit.o(.ARM.Collect$$rtexit$$00000000) refers (Special) to rtexit2.o(.ARM.Collect$$rtexit$$00000003) for __rt_exit_ls
    rtexit.o(.ARM.Collect$$rtexit$$00000000) refers (Special) to rtexit2.o(.ARM.Collect$$rtexit$$00000002) for __rt_exit_prels_1
    rtexit.o(.ARM.exidx) refers (Special) to rtexit2.o(.ARM.Collect$$rtexit$$00000004) for __rt_exit_exit
    rtexit.o(.ARM.exidx) refers (Special) to rtexit2.o(.ARM.Collect$$rtexit$$00000003) for __rt_exit_ls
    rtexit.o(.ARM.exidx) refers (Special) to rtexit2.o(.ARM.Collect$$rtexit$$00000002) for __rt_exit_prels_1
    rtexit.o(.ARM.exidx) refers to rtexit.o(.ARM.Collect$$rtexit$$00000000) for .ARM.Collect$$rtexit$$00000000
    rt_raise.o(.text) refers to __raise.o(.text) for __raise
    rt_raise.o(.text) refers to sys_exit.o(.text) for _sys_exit
    defsig_exit.o(.text) refers to sys_exit.o(.text) for _sys_exit
    defsig_fpe_inner.o(.text) refers to defsig_general.o(.text) for __default_signal_display
    libinit2.o(.ARM.Collect$$libinit$$00000010) refers to libinit2.o(.ARM.Collect$$libinit$$0000000F) for .ARM.Collect$$libinit$$0000000F
    libinit2.o(.ARM.Collect$$libinit$$00000012) refers to libinit2.o(.ARM.Collect$$libinit$$0000000F) for .ARM.Collect$$libinit$$0000000F
    libinit2.o(.ARM.Collect$$libinit$$00000014) refers to libinit2.o(.ARM.Collect$$libinit$$0000000F) for .ARM.Collect$$libinit$$0000000F
    libinit2.o(.ARM.Collect$$libinit$$00000016) refers to libinit2.o(.ARM.Collect$$libinit$$0000000F) for .ARM.Collect$$libinit$$0000000F
    libinit2.o(.ARM.Collect$$libinit$$00000018) refers to libinit2.o(.ARM.Collect$$libinit$$0000000F) for .ARM.Collect$$libinit$$0000000F
    libinit2.o(.ARM.Collect$$libinit$$00000026) refers to argv_veneer.o(.text) for __ARM_argv_veneer
    libinit2.o(.ARM.Collect$$libinit$$00000027) refers to argv_veneer.o(.text) for __ARM_argv_veneer
    sys_exit.o(.text) refers (Special) to use_no_semi.o(.text) for __I$use$semihosting
    sys_exit.o(.text) refers (Special) to indicate_semi.o(.text) for __semihosting_library_function
    rtexit2.o(.ARM.Collect$$rtexit$$00000003) refers to libshutdown.o(.ARM.Collect$$libshutdown$$00000000) for __rt_lib_shutdown
    rtexit2.o(.ARM.Collect$$rtexit$$00000004) refers to sys_exit.o(.text) for _sys_exit
    rtexit2.o(.ARM.exidx) refers to rtexit2.o(.ARM.Collect$$rtexit$$00000001) for .ARM.Collect$$rtexit$$00000001
    rtexit2.o(.ARM.exidx) refers to rtexit2.o(.ARM.Collect$$rtexit$$00000003) for .ARM.Collect$$rtexit$$00000003
    rtexit2.o(.ARM.exidx) refers to rtexit2.o(.ARM.Collect$$rtexit$$00000004) for .ARM.Collect$$rtexit$$00000004
    __raise.o(.text) refers to defsig.o(CL$$defsig) for __default_signal_handler
    defsig_general.o(.text) refers to sys_wrch.o(.text) for _ttywrch
    sys_wrch.o(.text) refers (Special) to use_no_semi.o(.text) for __I$use$semihosting
    sys_wrch.o(.text) refers (Special) to indicate_semi.o(.text) for __semihosting_library_function
    defsig.o(CL$$defsig) refers to defsig_fpe_inner.o(.text) for __rt_SIGFPE_inner
    defsig.o(CL$$defsig) refers to defsig_rtmem_inner.o(.text) for __rt_SIGRTMEM_inner
    _get_argv_nomalloc.o(.text) refers (Special) to hrguard.o(.text) for __heap_region$guard
    _get_argv_nomalloc.o(.text) refers to defsig_rtmem_outer.o(.text) for __rt_SIGRTMEM
    _get_argv_nomalloc.o(.text) refers to sys_command.o(.text) for _sys_command_string
    libshutdown.o(.ARM.Collect$$libshutdown$$00000000) refers (Special) to libshutdown2.o(.ARM.Collect$$libshutdown$$00000002) for __rt_lib_shutdown_cpp_1
    libshutdown.o(.ARM.Collect$$libshutdown$$00000000) refers (Special) to libshutdown2.o(.ARM.Collect$$libshutdown$$00000007) for __rt_lib_shutdown_fp_trap_1
    libshutdown.o(.ARM.Collect$$libshutdown$$00000000) refers (Special) to libshutdown2.o(.ARM.Collect$$libshutdown$$0000000F) for __rt_lib_shutdown_heap_1
    libshutdown.o(.ARM.Collect$$libshutdown$$00000000) refers (Special) to libshutdown2.o(.ARM.Collect$$libshutdown$$00000010) for __rt_lib_shutdown_return
    libshutdown.o(.ARM.Collect$$libshutdown$$00000000) refers (Special) to libshutdown2.o(.ARM.Collect$$libshutdown$$0000000A) for __rt_lib_shutdown_signal_1
    libshutdown.o(.ARM.Collect$$libshutdown$$00000000) refers (Special) to libshutdown2.o(.ARM.Collect$$libshutdown$$00000004) for __rt_lib_shutdown_stdio_1
    libshutdown.o(.ARM.Collect$$libshutdown$$00000000) refers (Special) to libshutdown2.o(.ARM.Collect$$libshutdown$$0000000C) for __rt_lib_shutdown_user_alloc_1
    sys_command.o(.text) refers (Special) to use_no_semi.o(.text) for __I$use$semihosting
    sys_command.o(.text) refers (Special) to indicate_semi.o(.text) for __semihosting_library_function
    defsig_abrt_inner.o(.text) refers to defsig_general.o(.text) for __default_signal_display
    defsig_rtred_inner.o(.text) refers to defsig_general.o(.text) for __default_signal_display
    defsig_rtmem_inner.o(.text) refers to defsig_general.o(.text) for __default_signal_display
    defsig_rtmem_outer.o(.text) refers to defsig_rtmem_inner.o(.text) for __rt_SIGRTMEM_inner
    defsig_rtmem_outer.o(.text) refers to defsig_exit.o(.text) for __sig_exit
    defsig_rtmem_formal.o(.text) refers to rt_raise.o(.text) for __rt_raise
    defsig_stak_inner.o(.text) refers to defsig_general.o(.text) for __default_signal_display
    defsig_pvfn_inner.o(.text) refers to defsig_general.o(.text) for __default_signal_display
    defsig_cppl_inner.o(.text) refers to defsig_general.o(.text) for __default_signal_display
    defsig_segv_inner.o(.text) refers to defsig_general.o(.text) for __default_signal_display
    defsig_other.o(.text) refers to defsig_general.o(.text) for __default_signal_display


==============================================================================

Removing Unused input sections from the image.

    Removing leds.o(.rev16_text), (4 bytes).
    Removing leds.o(.revsh_text), (4 bytes).
    Removing leds.o(i.Toggle_RGB_LEDs), (44 bytes).
    Removing main.o(.rev16_text), (4 bytes).
    Removing main.o(.revsh_text), (4 bytes).
    Removing mma8451.o(.rev16_text), (4 bytes).
    Removing mma8451.o(.revsh_text), (4 bytes).
    Removing delay.o(.rev16_text), (4 bytes).
    Removing delay.o(.revsh_text), (4 bytes).
    Removing i2c.o(.rev16_text), (4 bytes).
    Removing i2c.o(.revsh_text), (4 bytes).
    Removing lptimer.o(.rev16_text), (4 bytes).
    Removing lptimer.o(.revsh_text), (4 bytes).
    Removing lptimer.o(i.Stop_LPTMR), (20 bytes).
    Removing system_mkl25z4.o(.rev16_text), (4 bytes).
    Removing system_mkl25z4.o(.revsh_text), (4 bytes).
    Removing system_mkl25z4.o(i.SystemCoreClockUpdate), (400 bytes).
    Removing system_mkl25z4.o(.data), (4 bytes).
    Removing system_mkl25z4.o(i.__ARM_common_switch8), (28 bytes).

19 unused section(s) (total 552 bytes) removed from the image.

==============================================================================

Image Symbol Table

    Local Symbols

    Symbol Name                              Value     Ov Type        Size  Object(Section)

    RESET                                    0x00000000   Section      192  startup_mkl25z4.o(RESET)
    ../clib/angel/boardlib.s                 0x00000000   Number         0  boardinit2.o ABSOLUTE
    ../clib/angel/boardlib.s                 0x00000000   Number         0  boardshut.o ABSOLUTE
    ../clib/angel/boardlib.s                 0x00000000   Number         0  boardinit3.o ABSOLUTE
    ../clib/angel/boardlib.s                 0x00000000   Number         0  boardinit1.o ABSOLUTE
    ../clib/angel/handlers.s                 0x00000000   Number         0  __scatter_zi.o ABSOLUTE
    ../clib/angel/handlers.s                 0x00000000   Number         0  __scatter_copy.o ABSOLUTE
    ../clib/angel/kernel.s                   0x00000000   Number         0  rtexit.o ABSOLUTE
    ../clib/angel/kernel.s                   0x00000000   Number         0  __rtentry4.o ABSOLUTE
    ../clib/angel/kernel.s                   0x00000000   Number         0  __rtentry.o ABSOLUTE
    ../clib/angel/kernel.s                   0x00000000   Number         0  __rtentry2.o ABSOLUTE
    ../clib/angel/kernel.s                   0x00000000   Number         0  rtexit2.o ABSOLUTE
    ../clib/angel/rt.s                       0x00000000   Number         0  rt_errno_addr.o ABSOLUTE
    ../clib/angel/rt.s                       0x00000000   Number         0  rt_raise.o ABSOLUTE
    ../clib/angel/rt.s                       0x00000000   Number         0  aeabi_idiv0_sigfpe.o ABSOLUTE
    ../clib/angel/rt.s                       0x00000000   Number         0  rt_div0.o ABSOLUTE
    ../clib/angel/rt.s                       0x00000000   Number         0  aeabi_idiv0.o ABSOLUTE
    ../clib/angel/rt.s                       0x00000000   Number         0  rt_errno_addr_intlibspace.o ABSOLUTE
    ../clib/angel/scatterp.s                 0x00000000   Number         0  __scatter.o ABSOLUTE
    ../clib/angel/startup.s                  0x00000000   Number         0  __main.o ABSOLUTE
    ../clib/angel/sys.s                      0x00000000   Number         0  libspace.o ABSOLUTE
    ../clib/angel/sys.s                      0x00000000   Number         0  indicate_semi.o ABSOLUTE
    ../clib/angel/sys.s                      0x00000000   Number         0  tempstk.o ABSOLUTE
    ../clib/angel/sys.s                      0x00000000   Number         0  use_no_semi.o ABSOLUTE
    ../clib/angel/sys.s                      0x00000000   Number         0  sys_stackheap_outer.o ABSOLUTE
    ../clib/angel/sysapp.c                   0x00000000   Number         0  sys_exit.o ABSOLUTE
    ../clib/angel/sysapp.c                   0x00000000   Number         0  sys_wrch.o ABSOLUTE
    ../clib/angel/sysapp.c                   0x00000000   Number         0  sys_command.o ABSOLUTE
    ../clib/armsys.c                         0x00000000   Number         0  no_argv.o ABSOLUTE
    ../clib/armsys.c                         0x00000000   Number         0  _get_argv_nomalloc.o ABSOLUTE
    ../clib/armsys.c                         0x00000000   Number         0  argv_veneer.o ABSOLUTE
    ../clib/division.s                       0x00000000   Number         0  aeabi_sdivfast_div0.o ABSOLUTE
    ../clib/division.s                       0x00000000   Number         0  aeabi_sdivfast.o ABSOLUTE
    ../clib/fenv.c                           0x00000000   Number         0  _rserrno.o ABSOLUTE
    ../clib/heapalloc.c                      0x00000000   Number         0  hrguard.o ABSOLUTE
    ../clib/heapaux.c                        0x00000000   Number         0  heapauxi.o ABSOLUTE
    ../clib/libinit.s                        0x00000000   Number         0  libshutdown.o ABSOLUTE
    ../clib/libinit.s                        0x00000000   Number         0  libinit.o ABSOLUTE
    ../clib/libinit.s                        0x00000000   Number         0  libinit2.o ABSOLUTE
    ../clib/libinit.s                        0x00000000   Number         0  libshutdown2.o ABSOLUTE
    ../clib/signal.c                         0x00000000   Number         0  defsig_fpe_formal.o ABSOLUTE
    ../clib/signal.c                         0x00000000   Number         0  __raise.o ABSOLUTE
    ../clib/signal.c                         0x00000000   Number         0  defsig_general.o ABSOLUTE
    ../clib/signal.c                         0x00000000   Number         0  defsig_other.o ABSOLUTE
    ../clib/signal.c                         0x00000000   Number         0  defsig_segv_inner.o ABSOLUTE
    ../clib/signal.c                         0x00000000   Number         0  defsig_fpe_outer.o ABSOLUTE
    ../clib/signal.c                         0x00000000   Number         0  defsig_pvfn_inner.o ABSOLUTE
    ../clib/signal.c                         0x00000000   Number         0  defsig_stak_inner.o ABSOLUTE
    ../clib/signal.c                         0x00000000   Number         0  defsig_rtmem_formal.o ABSOLUTE
    ../clib/signal.c                         0x00000000   Number         0  defsig_rtmem_outer.o ABSOLUTE
    ../clib/signal.c                         0x00000000   Number         0  defsig_rtmem_inner.o ABSOLUTE
    ../clib/signal.c                         0x00000000   Number         0  defsig_cppl_inner.o ABSOLUTE
    ../clib/signal.c                         0x00000000   Number         0  defsig_abrt_inner.o ABSOLUTE
    ../clib/signal.c                         0x00000000   Number         0  defsig_exit.o ABSOLUTE
    ../clib/signal.c                         0x00000000   Number         0  defsig_rtred_inner.o ABSOLUTE
    ../clib/signal.c                         0x00000000   Number         0  defsig_fpe_inner.o ABSOLUTE
    ../clib/signal.s                         0x00000000   Number         0  defsig.o ABSOLUTE
    ../clib/stdlib.c                         0x00000000   Number         0  exit.o ABSOLUTE
    ../fplib/cfplib/cmpret.c                 0x00000000   Number         0  cmpret.o ABSOLUTE
    ../fplib/cfplib/d2f.c                    0x00000000   Number         0  d2f.o ABSOLUTE
    ../fplib/cfplib/daddsub.c                0x00000000   Number         0  daddsub.o ABSOLUTE
    ../fplib/cfplib/dcmpin.c                 0x00000000   Number         0  dcmpin.o ABSOLUTE
    ../fplib/cfplib/ddiv.c                   0x00000000   Number         0  ddiv.o ABSOLUTE
    ../fplib/cfplib/dmul.c                   0x00000000   Number         0  dmul.o ABSOLUTE
    ../fplib/cfplib/dsqrt.c                  0x00000000   Number         0  dsqrt.o ABSOLUTE
    ../fplib/cfplib/f2d.c                    0x00000000   Number         0  f2d.o ABSOLUTE
    ../fplib/cfplib/fflt.c                   0x00000000   Number         0  dflti.o ABSOLUTE
    ../fplib/cfplib/fpinit.c                 0x00000000   Number         0  fpinit.o ABSOLUTE
    ../fplib/cfplib/nan2.c                   0x00000000   Number         0  dnan2.o ABSOLUTE
    ../fplib/cfplib/retnan.c                 0x00000000   Number         0  retnan.o ABSOLUTE
    ../fplib/cfplib/scalbn.c                 0x00000000   Number         0  dscalbn.o ABSOLUTE
    ../fplib/dleqf6m.s                       0x00000000   Number         0  dlef.o ABSOLUTE
    ../fplib/drleqf6m.s                      0x00000000   Number         0  drlef.o ABSOLUTE
    ../fplib/faddsub6m.s                     0x00000000   Number         0  faddsub.o ABSOLUTE
    ../fplib/fmul6m.s                        0x00000000   Number         0  fmul.o ABSOLUTE
    ../fplib/usenofp.s                       0x00000000   Number         0  usenofp.o ABSOLUTE
    ../mathlib/atan.c                        0x00000000   Number         0  atan_x.o ABSOLUTE
    ../mathlib/atan.c                        0x00000000   Number         0  atan.o ABSOLUTE
    ../mathlib/atan2.c                       0x00000000   Number         0  atan2_x.o ABSOLUTE
    ../mathlib/atan2.c                       0x00000000   Number         0  atan2.o ABSOLUTE
    ../mathlib/dunder.c                      0x00000000   Number         0  dunder.o ABSOLUTE
    ../mathlib/fpclassify.c                  0x00000000   Number         0  fpclassify.o ABSOLUTE
    ../mathlib/poly.c                        0x00000000   Number         0  poly.o ABSOLUTE
    ../mathlib/qnan.c                        0x00000000   Number         0  qnan.o ABSOLUTE
    ../mathlib/sqrt.c                        0x00000000   Number         0  sqrt.o ABSOLUTE
    ../mathlib/sqrt.c                        0x00000000   Number         0  sqrt_x.o ABSOLUTE
    RTE\Device\MKL25Z128xxx4\startup_MKL25Z4.s 0x00000000   Number         0  startup_mkl25z4.o ABSOLUTE
    RTE\Device\MKL25Z128xxx4\system_MKL25Z4.c 0x00000000   Number         0  system_mkl25z4.o ABSOLUTE
    RTE\\Device\\MKL25Z128xxx4\\system_MKL25Z4.c 0x00000000   Number         0  system_mkl25z4.o ABSOLUTE
    Source\LEDs.c                            0x00000000   Number         0  leds.o ABSOLUTE
    Source\LPTimer.c                         0x00000000   Number         0  lptimer.o ABSOLUTE
    Source\\LEDs.c                           0x00000000   Number         0  leds.o ABSOLUTE
    Source\\LPTimer.c                        0x00000000   Number         0  lptimer.o ABSOLUTE
    Source\\delay.c                          0x00000000   Number         0  delay.o ABSOLUTE
    Source\\i2c.c                            0x00000000   Number         0  i2c.o ABSOLUTE
    Source\\main.c                           0x00000000   Number         0  main.o ABSOLUTE
    Source\\mma8451.c                        0x00000000   Number         0  mma8451.o ABSOLUTE
    Source\delay.c                           0x00000000   Number         0  delay.o ABSOLUTE
    Source\i2c.c                             0x00000000   Number         0  i2c.o ABSOLUTE
    Source\main.c                            0x00000000   Number         0  main.o ABSOLUTE
    Source\mma8451.c                         0x00000000   Number         0  mma8451.o ABSOLUTE
    dc.s                                     0x00000000   Number         0  dc.o ABSOLUTE
    !!!main                                  0x000000c0   Section        8  __main.o(!!!main)
    !!!scatter                               0x000000c8   Section       60  __scatter.o(!!!scatter)
    !!handler_copy                           0x00000104   Section       26  __scatter_copy.o(!!handler_copy)
    !!handler_zi                             0x00000120   Section       28  __scatter_zi.o(!!handler_zi)
    .ARM.Collect$$libinit$$00000000          0x0000013c   Section        2  libinit.o(.ARM.Collect$$libinit$$00000000)
    .ARM.Collect$$libinit$$00000002          0x0000013e   Section        0  libinit2.o(.ARM.Collect$$libinit$$00000002)
    .ARM.Collect$$libinit$$00000004          0x0000013e   Section        0  libinit2.o(.ARM.Collect$$libinit$$00000004)
    .ARM.Collect$$libinit$$0000000A          0x0000013e   Section        0  libinit2.o(.ARM.Collect$$libinit$$0000000A)
    .ARM.Collect$$libinit$$0000000C          0x0000013e   Section        0  libinit2.o(.ARM.Collect$$libinit$$0000000C)
    .ARM.Collect$$libinit$$0000000E          0x0000013e   Section        0  libinit2.o(.ARM.Collect$$libinit$$0000000E)
    .ARM.Collect$$libinit$$00000011          0x0000013e   Section        0  libinit2.o(.ARM.Collect$$libinit$$00000011)
    .ARM.Collect$$libinit$$00000013          0x0000013e   Section        0  libinit2.o(.ARM.Collect$$libinit$$00000013)
    .ARM.Collect$$libinit$$00000015          0x0000013e   Section        0  libinit2.o(.ARM.Collect$$libinit$$00000015)
    .ARM.Collect$$libinit$$00000017          0x0000013e   Section        0  libinit2.o(.ARM.Collect$$libinit$$00000017)
    .ARM.Collect$$libinit$$00000019          0x0000013e   Section        0  libinit2.o(.ARM.Collect$$libinit$$00000019)
    .ARM.Collect$$libinit$$0000001B          0x0000013e   Section        0  libinit2.o(.ARM.Collect$$libinit$$0000001B)
    .ARM.Collect$$libinit$$0000001D          0x0000013e   Section        0  libinit2.o(.ARM.Collect$$libinit$$0000001D)
    .ARM.Collect$$libinit$$0000001F          0x0000013e   Section        0  libinit2.o(.ARM.Collect$$libinit$$0000001F)
    .ARM.Collect$$libinit$$00000021          0x0000013e   Section        0  libinit2.o(.ARM.Collect$$libinit$$00000021)
    .ARM.Collect$$libinit$$00000023          0x0000013e   Section        0  libinit2.o(.ARM.Collect$$libinit$$00000023)
    .ARM.Collect$$libinit$$00000025          0x0000013e   Section        0  libinit2.o(.ARM.Collect$$libinit$$00000025)
    .ARM.Collect$$libinit$$0000002C          0x0000013e   Section        0  libinit2.o(.ARM.Collect$$libinit$$0000002C)
    .ARM.Collect$$libinit$$0000002E          0x0000013e   Section        0  libinit2.o(.ARM.Collect$$libinit$$0000002E)
    .ARM.Collect$$libinit$$00000030          0x0000013e   Section        0  libinit2.o(.ARM.Collect$$libinit$$00000030)
    .ARM.Collect$$libinit$$00000032          0x0000013e   Section        0  libinit2.o(.ARM.Collect$$libinit$$00000032)
    .ARM.Collect$$libinit$$00000033          0x0000013e   Section        2  libinit2.o(.ARM.Collect$$libinit$$00000033)
    .ARM.Collect$$libshutdown$$00000000      0x00000140   Section        2  libshutdown.o(.ARM.Collect$$libshutdown$$00000000)
    .ARM.Collect$$libshutdown$$00000002      0x00000142   Section        0  libshutdown2.o(.ARM.Collect$$libshutdown$$00000002)
    .ARM.Collect$$libshutdown$$00000004      0x00000142   Section        0  libshutdown2.o(.ARM.Collect$$libshutdown$$00000004)
    .ARM.Collect$$libshutdown$$00000007      0x00000142   Section        0  libshutdown2.o(.ARM.Collect$$libshutdown$$00000007)
    .ARM.Collect$$libshutdown$$0000000A      0x00000142   Section        0  libshutdown2.o(.ARM.Collect$$libshutdown$$0000000A)
    .ARM.Collect$$libshutdown$$0000000C      0x00000142   Section        0  libshutdown2.o(.ARM.Collect$$libshutdown$$0000000C)
    .ARM.Collect$$libshutdown$$0000000F      0x00000142   Section        0  libshutdown2.o(.ARM.Collect$$libshutdown$$0000000F)
    .ARM.Collect$$libshutdown$$00000010      0x00000142   Section        2  libshutdown2.o(.ARM.Collect$$libshutdown$$00000010)
    .ARM.Collect$$rtentry$$00000000          0x00000144   Section        0  __rtentry.o(.ARM.Collect$$rtentry$$00000000)
    .ARM.Collect$$rtentry$$00000002          0x00000144   Section        0  __rtentry2.o(.ARM.Collect$$rtentry$$00000002)
    .ARM.Collect$$rtentry$$00000004          0x00000144   Section        6  __rtentry4.o(.ARM.Collect$$rtentry$$00000004)
    .ARM.Collect$$rtentry$$00000009          0x0000014a   Section        0  __rtentry2.o(.ARM.Collect$$rtentry$$00000009)
    .ARM.Collect$$rtentry$$0000000A          0x0000014a   Section        4  __rtentry2.o(.ARM.Collect$$rtentry$$0000000A)
    .ARM.Collect$$rtentry$$0000000C          0x0000014e   Section        0  __rtentry2.o(.ARM.Collect$$rtentry$$0000000C)
    .ARM.Collect$$rtentry$$0000000D          0x0000014e   Section        8  __rtentry2.o(.ARM.Collect$$rtentry$$0000000D)
    .ARM.Collect$$rtexit$$00000000           0x00000156   Section        2  rtexit.o(.ARM.Collect$$rtexit$$00000000)
    .ARM.Collect$$rtexit$$00000002           0x00000158   Section        0  rtexit2.o(.ARM.Collect$$rtexit$$00000002)
    .ARM.Collect$$rtexit$$00000003           0x00000158   Section        4  rtexit2.o(.ARM.Collect$$rtexit$$00000003)
    .ARM.Collect$$rtexit$$00000004           0x0000015c   Section        6  rtexit2.o(.ARM.Collect$$rtexit$$00000004)
    .text                                    0x00000164   Section       64  startup_mkl25z4.o(.text)
    .text                                    0x000001a4   Section      488  aeabi_sdivfast.o(.text)
    .text                                    0x0000038c   Section        0  heapauxi.o(.text)
    .text                                    0x00000392   Section        0  dflti.o(.text)
    .text                                    0x000003ea   Section        0  _rserrno.o(.text)
    .ARM.__at_0x400                          0x00000400   Section       16  startup_mkl25z4.o(.ARM.__at_0x400)
    .text                                    0x00000410   Section        0  d2f.o(.text)
    .text                                    0x0000048c   Section        0  ddiv.o(.text)
    .text                                    0x000008d4   Section        0  dmul.o(.text)
    .text                                    0x00000b1c   Section        0  dscalbn.o(.text)
    .text                                    0x00000b7c   Section        0  f2d.o(.text)
    .text                                    0x00000bd0   Section        0  daddsub.o(.text)
    _dadd1                                   0x00000bd1   Thumb Code   290  daddsub.o(.text)
    _dsub1                                   0x00000cf3   Thumb Code   470  daddsub.o(.text)
    .text                                    0x00000f28   Section        0  dcmpin.o(.text)
    .text                                    0x00000fb8   Section        0  dsqrt.o(.text)
    .text                                    0x000010b8   Section        8  rt_errno_addr_intlibspace.o(.text)
    .text                                    0x000010c0   Section        0  cmpret.o(.text)
    .text                                    0x000010f0   Section        0  dnan2.o(.text)
    .text                                    0x00001104   Section        8  libspace.o(.text)
    .text                                    0x0000110c   Section       62  sys_stackheap_outer.o(.text)
    .text                                    0x0000114a   Section        0  exit.o(.text)
    .text                                    0x0000115a   Section        0  retnan.o(.text)
    .text                                    0x000011b8   Section        0  sys_exit.o(.text)
    .text                                    0x000011c4   Section        2  use_no_semi.o(.text)
    .text                                    0x000011c6   Section        0  indicate_semi.o(.text)
    i.Control_RGB_LEDs                       0x000011c8   Section        0  leds.o(i.Control_RGB_LEDs)
    i.Delay                                  0x00001214   Section        0  delay.o(i.Delay)
    i.Init_Accel                             0x00001230   Section        0  main.o(i.Init_Accel)
    i.Init_LPTMR                             0x00001258   Section        0  lptimer.o(i.Init_LPTMR)
    i.Init_RGB_LEDs                          0x000012c4   Section        0  leds.o(i.Init_RGB_LEDs)
    i.LPTMR0_IRQHandler                      0x00001350   Section        0  lptimer.o(i.LPTMR0_IRQHandler)
    i.NVIC_SetPriority                       0x00001448   Section        0  lptimer.o(i.NVIC_SetPriority)
    NVIC_SetPriority                         0x00001449   Thumb Code   110  lptimer.o(i.NVIC_SetPriority)
    i.ShortDelay                             0x000014c0   Section        0  delay.o(i.ShortDelay)
    i.Start_LPTMR                            0x000014d4   Section        0  lptimer.o(i.Start_LPTMR)
    i.SystemInit                             0x000014e8   Section        0  system_mkl25z4.o(i.SystemInit)
    i.Tilt                                   0x000015f0   Section        0  main.o(i.Tilt)
    i.__ARM_fpclassify                       0x00001604   Section        0  fpclassify.o(i.__ARM_fpclassify)
    i.__kernel_poly                          0x00001630   Section        0  poly.o(i.__kernel_poly)
    i.__mathlib_dbl_infnan                   0x000016dc   Section        0  dunder.o(i.__mathlib_dbl_infnan)
    i.__mathlib_dbl_infnan2                  0x000016e6   Section        0  dunder.o(i.__mathlib_dbl_infnan2)
    i.__mathlib_dbl_underflow                0x000016f0   Section        0  dunder.o(i.__mathlib_dbl_underflow)
    i.atan                                   0x00001704   Section        0  atan.o(i.atan)
    i.atan2                                  0x00001920   Section        0  atan2.o(i.atan2)
    i.convert_xyz_to_roll_pitch              0x00001a98   Section        0  mma8451.o(i.convert_xyz_to_roll_pitch)
    i.i2c_busy                               0x00001b68   Section        0  i2c.o(i.i2c_busy)
    i.i2c_init                               0x00001c64   Section        0  i2c.o(i.i2c_init)
    i.i2c_read_bytes                         0x00001cc8   Section        0  i2c.o(i.i2c_read_bytes)
    i.i2c_wait                               0x00001d9c   Section        0  i2c.o(i.i2c_wait)
    i.i2c_write_bytes                        0x00001dd4   Section        0  i2c.o(i.i2c_write_bytes)
    i.init_mma                               0x00001e30   Section        0  mma8451.o(i.init_mma)
    i.main                                   0x00001e4c   Section        0  main.o(i.main)
    i.read_full_xyz                          0x00001e98   Section        0  mma8451.o(i.read_full_xyz)
    i.sqrt                                   0x00001ee4   Section        0  sqrt.o(i.sqrt)
    x$fpl$drleqf                             0x00001f2c   Section      104  drlef.o(x$fpl$drleqf)
    x$fpl$fadd                               0x00001f94   Section      140  faddsub.o(x$fpl$fadd)
    _fadd1                                   0x00001fa1   Thumb Code     0  faddsub.o(x$fpl$fadd)
    x$fpl$fmul                               0x00002020   Section      176  fmul.o(x$fpl$fmul)
    x$fpl$fsub                               0x000020d0   Section      208  faddsub.o(x$fpl$fsub)
    _fsub1                                   0x000020dd   Thumb Code     0  faddsub.o(x$fpl$fsub)
    .constdata                               0x000021a0   Section      128  ddiv.o(.constdata)
    x$fpl$usenofp                            0x000021a0   Section        0  usenofp.o(x$fpl$usenofp)
    ddiv_reciptbl                            0x000021a0   Data         128  ddiv.o(.constdata)
    .constdata                               0x00002220   Section      152  atan.o(.constdata)
    atanhi                                   0x00002220   Data          32  atan.o(.constdata)
    atanlo                                   0x00002240   Data          32  atan.o(.constdata)
    aTodd                                    0x00002260   Data          40  atan.o(.constdata)
    aTeven                                   0x00002288   Data          48  atan.o(.constdata)
    .constdata                               0x000022b8   Section        8  qnan.o(.constdata)
    .data                                    0x1ffff000   Section       20  lptimer.o(.data)
    .bss                                     0x1ffff014   Section       96  libspace.o(.bss)
    HEAP                                     0x1ffff078   Section        0  startup_mkl25z4.o(HEAP)
    STACK                                    0x1ffff078   Section      768  startup_mkl25z4.o(STACK)
    Heap_Mem                                 0x1ffff078   Data           0  startup_mkl25z4.o(HEAP)
    Stack_Mem                                0x1ffff078   Data         768  startup_mkl25z4.o(STACK)
    __initial_sp                             0x1ffff378   Data           0  startup_mkl25z4.o(STACK)

    Global Symbols

    Symbol Name                              Value     Ov Type        Size  Object(Section)

    BuildAttributes$$THM_ISAv3M$S$PE$A:L22$X:L11$S22$IEEE1$IW$USESV6$~STKCKD$USESV7$~SHL$OTIME$ROPI$IEEEX$EBA8$UX$STANDARDLIB$REQ8$PRES8$EABIv2 0x00000000   Number         0  anon$$obj.o ABSOLUTE
    __ARM_use_no_argv                        0x00000000   Number         0  main.o ABSOLUTE
    __Vectors                                0x00000000   Data           4  startup_mkl25z4.o(RESET)
    __ARM_exceptions_init                     - Undefined Weak Reference
    __alloca_initialize                       - Undefined Weak Reference
    __arm_preinit_                            - Undefined Weak Reference
    __cpp_initialize__aeabi_                  - Undefined Weak Reference
    __cxa_finalize                            - Undefined Weak Reference
    __rt_locale                               - Undefined Weak Reference
    __sigvec_lookup                           - Undefined Weak Reference
    _atexit_init                              - Undefined Weak Reference
    _call_atexit_fns                          - Undefined Weak Reference
    _clock_init                               - Undefined Weak Reference
    _fp_trap_init                             - Undefined Weak Reference
    _fp_trap_shutdown                         - Undefined Weak Reference
    _get_lc_collate                           - Undefined Weak Reference
    _get_lc_ctype                             - Undefined Weak Reference
    _get_lc_monetary                          - Undefined Weak Reference
    _get_lc_numeric                           - Undefined Weak Reference
    _get_lc_time                              - Undefined Weak Reference
    _getenv_init                              - Undefined Weak Reference
    _handle_redirection                       - Undefined Weak Reference
    _init_alloc                               - Undefined Weak Reference
    _init_user_alloc                          - Undefined Weak Reference
    _initio                                   - Undefined Weak Reference
    _rand_init                                - Undefined Weak Reference
    _signal_finish                            - Undefined Weak Reference
    _signal_init                              - Undefined Weak Reference
    _terminate_alloc                          - Undefined Weak Reference
    _terminate_user_alloc                     - Undefined Weak Reference
    _terminateio                              - Undefined Weak Reference
    __Vectors_End                            0x000000c0   Data           0  startup_mkl25z4.o(RESET)
    __Vectors_Size                           0x000000c0   Number         0  startup_mkl25z4.o ABSOLUTE
    __main                                   0x000000c1   Thumb Code     8  __main.o(!!!main)
    __scatterload                            0x000000c9   Thumb Code     0  __scatter.o(!!!scatter)
    __scatterload_rt2                        0x000000c9   Thumb Code    52  __scatter.o(!!!scatter)
    __scatterload_rt2_thumb_only             0x000000c9   Thumb Code     0  __scatter.o(!!!scatter)
    __scatterload_null                       0x000000d9   Thumb Code     0  __scatter.o(!!!scatter)
    __scatterload_copy                       0x00000105   Thumb Code    26  __scatter_copy.o(!!handler_copy)
    __scatterload_zeroinit                   0x00000121   Thumb Code    28  __scatter_zi.o(!!handler_zi)
    __rt_lib_init                            0x0000013d   Thumb Code     0  libinit.o(.ARM.Collect$$libinit$$00000000)
    __rt_lib_init_alloca_1                   0x0000013f   Thumb Code     0  libinit2.o(.ARM.Collect$$libinit$$0000002E)
    __rt_lib_init_argv_1                     0x0000013f   Thumb Code     0  libinit2.o(.ARM.Collect$$libinit$$0000002C)
    __rt_lib_init_atexit_1                   0x0000013f   Thumb Code     0  libinit2.o(.ARM.Collect$$libinit$$0000001B)
    __rt_lib_init_clock_1                    0x0000013f   Thumb Code     0  libinit2.o(.ARM.Collect$$libinit$$00000021)
    __rt_lib_init_cpp_1                      0x0000013f   Thumb Code     0  libinit2.o(.ARM.Collect$$libinit$$00000032)
    __rt_lib_init_exceptions_1               0x0000013f   Thumb Code     0  libinit2.o(.ARM.Collect$$libinit$$00000030)
    __rt_lib_init_fp_1                       0x0000013f   Thumb Code     0  libinit2.o(.ARM.Collect$$libinit$$00000002)
    __rt_lib_init_fp_trap_1                  0x0000013f   Thumb Code     0  libinit2.o(.ARM.Collect$$libinit$$0000001F)
    __rt_lib_init_getenv_1                   0x0000013f   Thumb Code     0  libinit2.o(.ARM.Collect$$libinit$$00000023)
    __rt_lib_init_heap_1                     0x0000013f   Thumb Code     0  libinit2.o(.ARM.Collect$$libinit$$0000000A)
    __rt_lib_init_lc_collate_1               0x0000013f   Thumb Code     0  libinit2.o(.ARM.Collect$$libinit$$00000011)
    __rt_lib_init_lc_ctype_1                 0x0000013f   Thumb Code     0  libinit2.o(.ARM.Collect$$libinit$$00000013)
    __rt_lib_init_lc_monetary_1              0x0000013f   Thumb Code     0  libinit2.o(.ARM.Collect$$libinit$$00000015)
    __rt_lib_init_lc_numeric_1               0x0000013f   Thumb Code     0  libinit2.o(.ARM.Collect$$libinit$$00000017)
    __rt_lib_init_lc_time_1                  0x0000013f   Thumb Code     0  libinit2.o(.ARM.Collect$$libinit$$00000019)
    __rt_lib_init_preinit_1                  0x0000013f   Thumb Code     0  libinit2.o(.ARM.Collect$$libinit$$00000004)
    __rt_lib_init_rand_1                     0x0000013f   Thumb Code     0  libinit2.o(.ARM.Collect$$libinit$$0000000E)
    __rt_lib_init_return                     0x0000013f   Thumb Code     0  libinit2.o(.ARM.Collect$$libinit$$00000033)
    __rt_lib_init_signal_1                   0x0000013f   Thumb Code     0  libinit2.o(.ARM.Collect$$libinit$$0000001D)
    __rt_lib_init_stdio_1                    0x0000013f   Thumb Code     0  libinit2.o(.ARM.Collect$$libinit$$00000025)
    __rt_lib_init_user_alloc_1               0x0000013f   Thumb Code     0  libinit2.o(.ARM.Collect$$libinit$$0000000C)
    __rt_lib_shutdown                        0x00000141   Thumb Code     0  libshutdown.o(.ARM.Collect$$libshutdown$$00000000)
    __rt_lib_shutdown_cpp_1                  0x00000143   Thumb Code     0  libshutdown2.o(.ARM.Collect$$libshutdown$$00000002)
    __rt_lib_shutdown_fp_trap_1              0x00000143   Thumb Code     0  libshutdown2.o(.ARM.Collect$$libshutdown$$00000007)
    __rt_lib_shutdown_heap_1                 0x00000143   Thumb Code     0  libshutdown2.o(.ARM.Collect$$libshutdown$$0000000F)
    __rt_lib_shutdown_return                 0x00000143   Thumb Code     0  libshutdown2.o(.ARM.Collect$$libshutdown$$00000010)
    __rt_lib_shutdown_signal_1               0x00000143   Thumb Code     0  libshutdown2.o(.ARM.Collect$$libshutdown$$0000000A)
    __rt_lib_shutdown_stdio_1                0x00000143   Thumb Code     0  libshutdown2.o(.ARM.Collect$$libshutdown$$00000004)
    __rt_lib_shutdown_user_alloc_1           0x00000143   Thumb Code     0  libshutdown2.o(.ARM.Collect$$libshutdown$$0000000C)
    __rt_entry                               0x00000145   Thumb Code     0  __rtentry.o(.ARM.Collect$$rtentry$$00000000)
    __rt_entry_presh_1                       0x00000145   Thumb Code     0  __rtentry2.o(.ARM.Collect$$rtentry$$00000002)
    __rt_entry_sh                            0x00000145   Thumb Code     0  __rtentry4.o(.ARM.Collect$$rtentry$$00000004)
    __rt_entry_li                            0x0000014b   Thumb Code     0  __rtentry2.o(.ARM.Collect$$rtentry$$0000000A)
    __rt_entry_postsh_1                      0x0000014b   Thumb Code     0  __rtentry2.o(.ARM.Collect$$rtentry$$00000009)
    __rt_entry_main                          0x0000014f   Thumb Code     0  __rtentry2.o(.ARM.Collect$$rtentry$$0000000D)
    __rt_entry_postli_1                      0x0000014f   Thumb Code     0  __rtentry2.o(.ARM.Collect$$rtentry$$0000000C)
    __rt_exit                                0x00000157   Thumb Code     0  rtexit.o(.ARM.Collect$$rtexit$$00000000)
    __rt_exit_ls                             0x00000159   Thumb Code     0  rtexit2.o(.ARM.Collect$$rtexit$$00000003)
    __rt_exit_prels_1                        0x00000159   Thumb Code     0  rtexit2.o(.ARM.Collect$$rtexit$$00000002)
    __rt_exit_exit                           0x0000015d   Thumb Code     0  rtexit2.o(.ARM.Collect$$rtexit$$00000004)
    Reset_Handler                            0x00000165   Thumb Code    12  startup_mkl25z4.o(.text)
    NMI_Handler                              0x00000171   Thumb Code     2  startup_mkl25z4.o(.text)
    HardFault_Handler                        0x00000173   Thumb Code     2  startup_mkl25z4.o(.text)
    SVC_Handler                              0x00000175   Thumb Code     2  startup_mkl25z4.o(.text)
    PendSV_Handler                           0x00000177   Thumb Code     2  startup_mkl25z4.o(.text)
    SysTick_Handler                          0x00000179   Thumb Code     2  startup_mkl25z4.o(.text)
    ADC0_IRQHandler                          0x0000017b   Thumb Code     0  startup_mkl25z4.o(.text)
    CMP0_IRQHandler                          0x0000017b   Thumb Code     0  startup_mkl25z4.o(.text)
    DAC0_IRQHandler                          0x0000017b   Thumb Code     0  startup_mkl25z4.o(.text)
    DMA0_IRQHandler                          0x0000017b   Thumb Code     0  startup_mkl25z4.o(.text)
    DMA1_IRQHandler                          0x0000017b   Thumb Code     0  startup_mkl25z4.o(.text)
    DMA2_IRQHandler                          0x0000017b   Thumb Code     0  startup_mkl25z4.o(.text)
    DMA3_IRQHandler                          0x0000017b   Thumb Code     0  startup_mkl25z4.o(.text)
    DefaultISR                               0x0000017b   Thumb Code     0  startup_mkl25z4.o(.text)
    FTFA_IRQHandler                          0x0000017b   Thumb Code     0  startup_mkl25z4.o(.text)
    I2C0_IRQHandler                          0x0000017b   Thumb Code     0  startup_mkl25z4.o(.text)
    I2C1_IRQHandler                          0x0000017b   Thumb Code     0  startup_mkl25z4.o(.text)
    LLWU_IRQHandler                          0x0000017b   Thumb Code     0  startup_mkl25z4.o(.text)
    LVD_LVW_IRQHandler                       0x0000017b   Thumb Code     0  startup_mkl25z4.o(.text)
    MCG_IRQHandler                           0x0000017b   Thumb Code     0  startup_mkl25z4.o(.text)
    PIT_IRQHandler                           0x0000017b   Thumb Code     0  startup_mkl25z4.o(.text)
    PORTA_IRQHandler                         0x0000017b   Thumb Code     0  startup_mkl25z4.o(.text)
    PORTD_IRQHandler                         0x0000017b   Thumb Code     0  startup_mkl25z4.o(.text)
    RTC_IRQHandler                           0x0000017b   Thumb Code     0  startup_mkl25z4.o(.text)
    RTC_Seconds_IRQHandler                   0x0000017b   Thumb Code     0  startup_mkl25z4.o(.text)
    Reserved20_IRQHandler                    0x0000017b   Thumb Code     0  startup_mkl25z4.o(.text)
    Reserved39_IRQHandler                    0x0000017b   Thumb Code     0  startup_mkl25z4.o(.text)
    Reserved45_IRQHandler                    0x0000017b   Thumb Code     0  startup_mkl25z4.o(.text)
    SPI0_IRQHandler                          0x0000017b   Thumb Code     0  startup_mkl25z4.o(.text)
    SPI1_IRQHandler                          0x0000017b   Thumb Code     0  startup_mkl25z4.o(.text)
    TPM0_IRQHandler                          0x0000017b   Thumb Code     0  startup_mkl25z4.o(.text)
    TPM1_IRQHandler                          0x0000017b   Thumb Code     0  startup_mkl25z4.o(.text)
    TPM2_IRQHandler                          0x0000017b   Thumb Code     0  startup_mkl25z4.o(.text)
    TSI0_IRQHandler                          0x0000017b   Thumb Code     0  startup_mkl25z4.o(.text)
    UART0_IRQHandler                         0x0000017b   Thumb Code     0  startup_mkl25z4.o(.text)
    UART1_IRQHandler                         0x0000017b   Thumb Code     0  startup_mkl25z4.o(.text)
    UART2_IRQHandler                         0x0000017b   Thumb Code     0  startup_mkl25z4.o(.text)
    USB0_IRQHandler                          0x0000017b   Thumb Code     0  startup_mkl25z4.o(.text)
    __user_initial_stackheap                 0x00000181   Thumb Code     0  startup_mkl25z4.o(.text)
    __aeabi_uidiv                            0x000001a5   Thumb Code     0  aeabi_sdivfast.o(.text)
    __aeabi_uidivmod                         0x000001a5   Thumb Code    28  aeabi_sdivfast.o(.text)
    __aeabi_idiv                             0x000001c1   Thumb Code     0  aeabi_sdivfast.o(.text)
    __aeabi_idivmod                          0x000001c1   Thumb Code   460  aeabi_sdivfast.o(.text)
    __use_two_region_memory                  0x0000038d   Thumb Code     2  heapauxi.o(.text)
    __rt_heap_escrow$2region                 0x0000038f   Thumb Code     2  heapauxi.o(.text)
    __rt_heap_expand$2region                 0x00000391   Thumb Code     2  heapauxi.o(.text)
    __aeabi_i2d_normalise                    0x00000393   Thumb Code    66  dflti.o(.text)
    __aeabi_i2d                              0x000003d5   Thumb Code    16  dflti.o(.text)
    _dflt                                    0x000003d5   Thumb Code     0  dflti.o(.text)
    __aeabi_ui2d                             0x000003e5   Thumb Code     6  dflti.o(.text)
    _dfltu                                   0x000003e5   Thumb Code     0  dflti.o(.text)
    __read_errno                             0x000003eb   Thumb Code    10  _rserrno.o(.text)
    __set_errno                              0x000003f5   Thumb Code    12  _rserrno.o(.text)
    __aeabi_d2f                              0x00000411   Thumb Code     0  d2f.o(.text)
    _d2f                                     0x00000411   Thumb Code   120  d2f.o(.text)
    __aeabi_ddiv                             0x0000048d   Thumb Code     0  ddiv.o(.text)
    _ddiv                                    0x0000048d   Thumb Code  1072  ddiv.o(.text)
    _drdiv                                   0x000008bd   Thumb Code    20  ddiv.o(.text)
    __aeabi_dmul                             0x000008d5   Thumb Code     0  dmul.o(.text)
    _dmul                                    0x000008d5   Thumb Code   558  dmul.o(.text)
    __ARM_scalbn                             0x00000b1d   Thumb Code    84  dscalbn.o(.text)
    __aeabi_f2d                              0x00000b7d   Thumb Code     0  f2d.o(.text)
    _f2d                                     0x00000b7d   Thumb Code    80  f2d.o(.text)
    __aeabi_dadd                             0x00000ec9   Thumb Code     0  daddsub.o(.text)
    _dadd                                    0x00000ec9   Thumb Code    26  daddsub.o(.text)
    __aeabi_dsub                             0x00000ee3   Thumb Code     0  daddsub.o(.text)
    _dsub                                    0x00000ee3   Thumb Code    22  daddsub.o(.text)
    __aeabi_drsub                            0x00000ef9   Thumb Code     0  daddsub.o(.text)
    _drsb                                    0x00000ef9   Thumb Code    28  daddsub.o(.text)
    __fpl_dcmp_InfNaN                        0x00000f29   Thumb Code   140  dcmpin.o(.text)
    _dsqrt                                   0x00000fb9   Thumb Code   248  dsqrt.o(.text)
    __aeabi_errno_addr                       0x000010b9   Thumb Code     8  rt_errno_addr_intlibspace.o(.text)
    __errno$intlibspace                      0x000010b9   Thumb Code     0  rt_errno_addr_intlibspace.o(.text)
    __rt_errno_addr$intlibspace              0x000010b9   Thumb Code     0  rt_errno_addr_intlibspace.o(.text)
    __fpl_cmpreturn                          0x000010c1   Thumb Code    46  cmpret.o(.text)
    __fpl_dcheck_NaN2                        0x000010f1   Thumb Code    14  dnan2.o(.text)
    __user_libspace                          0x00001105   Thumb Code     8  libspace.o(.text)
    __user_perproc_libspace                  0x00001105   Thumb Code     0  libspace.o(.text)
    __user_perthread_libspace                0x00001105   Thumb Code     0  libspace.o(.text)
    __user_setup_stackheap                   0x0000110d   Thumb Code    62  sys_stackheap_outer.o(.text)
    exit                                     0x0000114b   Thumb Code    16  exit.o(.text)
    __fpl_return_NaN                         0x0000115b   Thumb Code    94  retnan.o(.text)
    _sys_exit                                0x000011b9   Thumb Code     8  sys_exit.o(.text)
    __I$use$semihosting                      0x000011c5   Thumb Code     0  use_no_semi.o(.text)
    __use_no_semihosting_swi                 0x000011c5   Thumb Code     2  use_no_semi.o(.text)
    __semihosting_library_function           0x000011c7   Thumb Code     0  indicate_semi.o(.text)
    Control_RGB_LEDs                         0x000011c9   Thumb Code    70  leds.o(i.Control_RGB_LEDs)
    Delay                                    0x00001215   Thumb Code    24  delay.o(i.Delay)
    Init_Accel                               0x00001231   Thumb Code    38  main.o(i.Init_Accel)
    Init_LPTMR                               0x00001259   Thumb Code    92  lptimer.o(i.Init_LPTMR)
    Init_RGB_LEDs                            0x000012c5   Thumb Code   124  leds.o(i.Init_RGB_LEDs)
    LPTMR0_IRQHandler                        0x00001351   Thumb Code   216  lptimer.o(i.LPTMR0_IRQHandler)
    ShortDelay                               0x000014c1   Thumb Code    20  delay.o(i.ShortDelay)
    Start_LPTMR                              0x000014d5   Thumb Code    14  lptimer.o(i.Start_LPTMR)
    SystemInit                               0x000014e9   Thumb Code   222  system_mkl25z4.o(i.SystemInit)
    Tilt                                     0x000015f1   Thumb Code    18  main.o(i.Tilt)
    __ARM_fpclassify                         0x00001605   Thumb Code    40  fpclassify.o(i.__ARM_fpclassify)
    __kernel_poly                            0x00001631   Thumb Code   172  poly.o(i.__kernel_poly)
    __mathlib_dbl_infnan                     0x000016dd   Thumb Code    10  dunder.o(i.__mathlib_dbl_infnan)
    __mathlib_dbl_infnan2                    0x000016e7   Thumb Code     8  dunder.o(i.__mathlib_dbl_infnan2)
    __mathlib_dbl_underflow                  0x000016f1   Thumb Code    14  dunder.o(i.__mathlib_dbl_underflow)
    atan                                     0x00001705   Thumb Code   472  atan.o(i.atan)
    atan2                                    0x00001921   Thumb Code   334  atan2.o(i.atan2)
    convert_xyz_to_roll_pitch                0x00001a99   Thumb Code   194  mma8451.o(i.convert_xyz_to_roll_pitch)
    i2c_busy                                 0x00001b69   Thumb Code   246  i2c.o(i.i2c_busy)
    i2c_init                                 0x00001c65   Thumb Code    86  i2c.o(i.i2c_init)
    i2c_read_bytes                           0x00001cc9   Thumb Code   202  i2c.o(i.i2c_read_bytes)
    i2c_wait                                 0x00001d9d   Thumb Code    52  i2c.o(i.i2c_wait)
    i2c_write_bytes                          0x00001dd5   Thumb Code    88  i2c.o(i.i2c_write_bytes)
    init_mma                                 0x00001e31   Thumb Code    28  mma8451.o(i.init_mma)
    main                                     0x00001e4d   Thumb Code    62  main.o(i.main)
    read_full_xyz                            0x00001e99   Thumb Code    76  mma8451.o(i.read_full_xyz)
    sqrt                                     0x00001ee5   Thumb Code    66  sqrt.o(i.sqrt)
    __aeabi_cdrcmple                         0x00001f2d   Thumb Code     0  drlef.o(x$fpl$drleqf)
    _drcmple                                 0x00001f2d   Thumb Code   100  drlef.o(x$fpl$drleqf)
    __aeabi_fadd                             0x00001f95   Thumb Code     0  faddsub.o(x$fpl$fadd)
    _fadd                                    0x00001f95   Thumb Code   134  faddsub.o(x$fpl$fadd)
    __aeabi_fmul                             0x00002021   Thumb Code     0  fmul.o(x$fpl$fmul)
    _fmul                                    0x00002021   Thumb Code   172  fmul.o(x$fpl$fmul)
    __aeabi_fsub                             0x000020d1   Thumb Code     0  faddsub.o(x$fpl$fsub)
    _fsub                                    0x000020d1   Thumb Code   204  faddsub.o(x$fpl$fsub)
    __I$use$fp                               0x000021a0   Number         0  usenofp.o(x$fpl$usenofp)
    __mathlib_zero                           0x000022b8   Data           8  qnan.o(.constdata)
    Region$$Table$$Base                      0x000022c0   Number         0  anon$$obj.o(Region$$Table)
    Region$$Table$$Limit                     0x000022e0   Number         0  anon$$obj.o(Region$$Table)
    LPT_ticks                                0x1ffff000   Data           4  lptimer.o(.data)
    accel                                    0x1ffff004   Data           6  lptimer.o(.data)
    roll                                     0x1ffff00c   Data           4  lptimer.o(.data)
    pitch                                    0x1ffff010   Data           4  lptimer.o(.data)
    __libspace_start                         0x1ffff014   Data          96  libspace.o(.bss)
    __temporary_stack_top$libspace           0x1ffff074   Data           0  libspace.o(.bss)



==============================================================================

Memory Map of the image

  Image Entry point : 0x000000c1

  Load Region LR_IROM1 (Base: 0x00000000, Size: 0x000022f4, Max: 0x00020000, ABSOLUTE)

    Execution Region ER_IROM1 (Base: 0x00000000, Size: 0x000022e0, Max: 0x00020000, ABSOLUTE)

    Base Addr    Size         Type   Attr      Idx    E Section Name        Object

    0x00000000   0x000000c0   Data   RO          284    RESET               startup_mkl25z4.o
    0x000000c0   0x00000008   Code   RO          337  * !!!main             c_p.l(__main.o)
    0x000000c8   0x0000003c   Code   RO          596    !!!scatter          c_p.l(__scatter.o)
    0x00000104   0x0000001a   Code   RO          598    !!handler_copy      c_p.l(__scatter_copy.o)
    0x0000011e   0x00000002   PAD
    0x00000120   0x0000001c   Code   RO          600    !!handler_zi        c_p.l(__scatter_zi.o)
    0x0000013c   0x00000002   Code   RO          466    .ARM.Collect$$libinit$$00000000  c_p.l(libinit.o)
    0x0000013e   0x00000000   Code   RO          479    .ARM.Collect$$libinit$$00000002  c_p.l(libinit2.o)
    0x0000013e   0x00000000   Code   RO          481    .ARM.Collect$$libinit$$00000004  c_p.l(libinit2.o)
    0x0000013e   0x00000000   Code   RO          484    .ARM.Collect$$libinit$$0000000A  c_p.l(libinit2.o)
    0x0000013e   0x00000000   Code   RO          486    .ARM.Collect$$libinit$$0000000C  c_p.l(libinit2.o)
    0x0000013e   0x00000000   Code   RO          488    .ARM.Collect$$libinit$$0000000E  c_p.l(libinit2.o)
    0x0000013e   0x00000000   Code   RO          491    .ARM.Collect$$libinit$$00000011  c_p.l(libinit2.o)
    0x0000013e   0x00000000   Code   RO          493    .ARM.Collect$$libinit$$00000013  c_p.l(libinit2.o)
    0x0000013e   0x00000000   Code   RO          495    .ARM.Collect$$libinit$$00000015  c_p.l(libinit2.o)
    0x0000013e   0x00000000   Code   RO          497    .ARM.Collect$$libinit$$00000017  c_p.l(libinit2.o)
    0x0000013e   0x00000000   Code   RO          499    .ARM.Collect$$libinit$$00000019  c_p.l(libinit2.o)
    0x0000013e   0x00000000   Code   RO          501    .ARM.Collect$$libinit$$0000001B  c_p.l(libinit2.o)
    0x0000013e   0x00000000   Code   RO          503    .ARM.Collect$$libinit$$0000001D  c_p.l(libinit2.o)
    0x0000013e   0x00000000   Code   RO          505    .ARM.Collect$$libinit$$0000001F  c_p.l(libinit2.o)
    0x0000013e   0x00000000   Code   RO          507    .ARM.Collect$$libinit$$00000021  c_p.l(libinit2.o)
    0x0000013e   0x00000000   Code   RO          509    .ARM.Collect$$libinit$$00000023  c_p.l(libinit2.o)
    0x0000013e   0x00000000   Code   RO          511    .ARM.Collect$$libinit$$00000025  c_p.l(libinit2.o)
    0x0000013e   0x00000000   Code   RO          515    .ARM.Collect$$libinit$$0000002C  c_p.l(libinit2.o)
    0x0000013e   0x00000000   Code   RO          517    .ARM.Collect$$libinit$$0000002E  c_p.l(libinit2.o)
    0x0000013e   0x00000000   Code   RO          519    .ARM.Collect$$libinit$$00000030  c_p.l(libinit2.o)
    0x0000013e   0x00000000   Code   RO          521    .ARM.Collect$$libinit$$00000032  c_p.l(libinit2.o)
    0x0000013e   0x00000002   Code   RO          522    .ARM.Collect$$libinit$$00000033  c_p.l(libinit2.o)
    0x00000140   0x00000002   Code   RO          553    .ARM.Collect$$libshutdown$$00000000  c_p.l(libshutdown.o)
    0x00000142   0x00000000   Code   RO          579    .ARM.Collect$$libshutdown$$00000002  c_p.l(libshutdown2.o)
    0x00000142   0x00000000   Code   RO          581    .ARM.Collect$$libshutdown$$00000004  c_p.l(libshutdown2.o)
    0x00000142   0x00000000   Code   RO          584    .ARM.Collect$$libshutdown$$00000007  c_p.l(libshutdown2.o)
    0x00000142   0x00000000   Code   RO          587    .ARM.Collect$$libshutdown$$0000000A  c_p.l(libshutdown2.o)
    0x00000142   0x00000000   Code   RO          589    .ARM.Collect$$libshutdown$$0000000C  c_p.l(libshutdown2.o)
    0x00000142   0x00000000   Code   RO          592    .ARM.Collect$$libshutdown$$0000000F  c_p.l(libshutdown2.o)
    0x00000142   0x00000002   Code   RO          593    .ARM.Collect$$libshutdown$$00000010  c_p.l(libshutdown2.o)
    0x00000144   0x00000000   Code   RO          378    .ARM.Collect$$rtentry$$00000000  c_p.l(__rtentry.o)
    0x00000144   0x00000000   Code   RO          420    .ARM.Collect$$rtentry$$00000002  c_p.l(__rtentry2.o)
    0x00000144   0x00000006   Code   RO          432    .ARM.Collect$$rtentry$$00000004  c_p.l(__rtentry4.o)
    0x0000014a   0x00000000   Code   RO          422    .ARM.Collect$$rtentry$$00000009  c_p.l(__rtentry2.o)
    0x0000014a   0x00000004   Code   RO          423    .ARM.Collect$$rtentry$$0000000A  c_p.l(__rtentry2.o)
    0x0000014e   0x00000000   Code   RO          425    .ARM.Collect$$rtentry$$0000000C  c_p.l(__rtentry2.o)
    0x0000014e   0x00000008   Code   RO          426    .ARM.Collect$$rtentry$$0000000D  c_p.l(__rtentry2.o)
    0x00000156   0x00000002   Code   RO          470    .ARM.Collect$$rtexit$$00000000  c_p.l(rtexit.o)
    0x00000158   0x00000000   Code   RO          526    .ARM.Collect$$rtexit$$00000002  c_p.l(rtexit2.o)
    0x00000158   0x00000004   Code   RO          527    .ARM.Collect$$rtexit$$00000003  c_p.l(rtexit2.o)
    0x0000015c   0x00000006   Code   RO          528    .ARM.Collect$$rtexit$$00000004  c_p.l(rtexit2.o)
    0x00000162   0x00000002   PAD
    0x00000164   0x00000040   Code   RO          286    .text               startup_mkl25z4.o
    0x000001a4   0x000001e8   Code   RO          331    .text               c_p.l(aeabi_sdivfast.o)
    0x0000038c   0x00000006   Code   RO          335    .text               c_p.l(heapauxi.o)
    0x00000392   0x00000058   Code   RO          344    .text               fz_ps.l(dflti.o)
    0x000003ea   0x00000016   Code   RO          383    .text               c_p.l(_rserrno.o)
    0x00000400   0x00000010   Code   RO          285    .ARM.__at_0x400     startup_mkl25z4.o
    0x00000410   0x0000007c   Code   RO          339    .text               fz_ps.l(d2f.o)
    0x0000048c   0x00000448   Code   RO          341    .text               fz_ps.l(ddiv.o)
    0x000008d4   0x00000248   Code   RO          346    .text               fz_ps.l(dmul.o)
    0x00000b1c   0x00000060   Code   RO          350    .text               fz_ps.l(dscalbn.o)
    0x00000b7c   0x00000054   Code   RO          352    .text               fz_ps.l(f2d.o)
    0x00000bd0   0x00000358   Code   RO          385    .text               fz_ps.l(daddsub.o)
    0x00000f28   0x00000090   Code   RO          387    .text               fz_ps.l(dcmpin.o)
    0x00000fb8   0x00000100   Code   RO          391    .text               fz_ps.l(dsqrt.o)
    0x000010b8   0x00000008   Code   RO          439    .text               c_p.l(rt_errno_addr_intlibspace.o)
    0x000010c0   0x0000002e   Code   RO          441    .text               fz_ps.l(cmpret.o)
    0x000010ee   0x00000002   PAD
    0x000010f0   0x00000014   Code   RO          443    .text               fz_ps.l(dnan2.o)
    0x00001104   0x00000008   Code   RO          449    .text               c_p.l(libspace.o)
    0x0000110c   0x0000003e   Code   RO          452    .text               c_p.l(sys_stackheap_outer.o)
    0x0000114a   0x00000010   Code   RO          455    .text               c_p.l(exit.o)
    0x0000115a   0x0000005e   Code   RO          467    .text               fz_ps.l(retnan.o)
    0x000011b8   0x0000000c   Code   RO          523    .text               c_p.l(sys_exit.o)
    0x000011c4   0x00000002   Code   RO          542    .text               c_p.l(use_no_semi.o)
    0x000011c6   0x00000000   Code   RO          544    .text               c_p.l(indicate_semi.o)
    0x000011c6   0x00000002   PAD
    0x000011c8   0x0000004c   Code   RO            3    i.Control_RGB_LEDs  leds.o
    0x00001214   0x0000001c   Code   RO          155    i.Delay             delay.o
    0x00001230   0x00000026   Code   RO           64    i.Init_Accel        main.o
    0x00001256   0x00000002   PAD
    0x00001258   0x0000006c   Code   RO          225    i.Init_LPTMR        lptimer.o
    0x000012c4   0x0000008c   Code   RO            4    i.Init_RGB_LEDs     leds.o
    0x00001350   0x000000f8   Code   RO          226    i.LPTMR0_IRQHandler  lptimer.o
    0x00001448   0x00000078   Code   RO          227    i.NVIC_SetPriority  lptimer.o
    0x000014c0   0x00000014   Code   RO          156    i.ShortDelay        delay.o
    0x000014d4   0x00000014   Code   RO          228    i.Start_LPTMR       lptimer.o
    0x000014e8   0x00000108   Code   RO          295    i.SystemInit        system_mkl25z4.o
    0x000015f0   0x00000012   Code   RO           65    i.Tilt              main.o
    0x00001602   0x00000002   PAD
    0x00001604   0x0000002c   Code   RO          445    i.__ARM_fpclassify  m_ps.l(fpclassify.o)
    0x00001630   0x000000ac   Code   RO          447    i.__kernel_poly     m_ps.l(poly.o)
    0x000016dc   0x0000000a   Code   RO          405    i.__mathlib_dbl_infnan  m_ps.l(dunder.o)
    0x000016e6   0x00000008   Code   RO          406    i.__mathlib_dbl_infnan2  m_ps.l(dunder.o)
    0x000016ee   0x00000002   PAD
    0x000016f0   0x00000014   Code   RO          410    i.__mathlib_dbl_underflow  m_ps.l(dunder.o)
    0x00001704   0x0000021c   Code   RO          395    i.atan              m_ps.l(atan.o)
    0x00001920   0x00000178   Code   RO          363    i.atan2             m_ps.l(atan2.o)
    0x00001a98   0x000000d0   Code   RO          123    i.convert_xyz_to_roll_pitch  mma8451.o
    0x00001b68   0x000000fc   Code   RO          181    i.i2c_busy          i2c.o
    0x00001c64   0x00000064   Code   RO          182    i.i2c_init          i2c.o
    0x00001cc8   0x000000d4   Code   RO          183    i.i2c_read_bytes    i2c.o
    0x00001d9c   0x00000038   Code   RO          184    i.i2c_wait          i2c.o
    0x00001dd4   0x0000005c   Code   RO          185    i.i2c_write_bytes   i2c.o
    0x00001e30   0x0000001c   Code   RO          124    i.init_mma          mma8451.o
    0x00001e4c   0x0000004c   Code   RO           66    i.main              main.o
    0x00001e98   0x0000004c   Code   RO          125    i.read_full_xyz     mma8451.o
    0x00001ee4   0x00000048   Code   RO          371    i.sqrt              m_ps.l(sqrt.o)
    0x00001f2c   0x00000068   Code   RO          348    x$fpl$drleqf        fz_ps.l(drlef.o)
    0x00001f94   0x0000008c   Code   RO          354    x$fpl$fadd          fz_ps.l(faddsub.o)
    0x00002020   0x000000b0   Code   RO          360    x$fpl$fmul          fz_ps.l(fmul.o)
    0x000020d0   0x000000d0   Code   RO          356    x$fpl$fsub          fz_ps.l(faddsub.o)
    0x000021a0   0x00000000   Code   RO          393    x$fpl$usenofp       fz_ps.l(usenofp.o)
    0x000021a0   0x00000080   Data   RO          342    .constdata          fz_ps.l(ddiv.o)
    0x00002220   0x00000098   Data   RO          396    .constdata          m_ps.l(atan.o)
    0x000022b8   0x00000008   Data   RO          418    .constdata          m_ps.l(qnan.o)
    0x000022c0   0x00000020   Data   RO          594    Region$$Table       anon$$obj.o


    Execution Region RW_IRAM1 (Base: 0x1ffff000, Size: 0x00000378, Max: 0x00004000, ABSOLUTE)

    Base Addr    Size         Type   Attr      Idx    E Section Name        Object

    0x1ffff000   0x00000014   Data   RW          230    .data               lptimer.o
    0x1ffff014   0x00000060   Zero   RW          450    .bss                c_p.l(libspace.o)
    0x1ffff074   0x00000004   PAD
    0x1ffff078   0x00000000   Zero   RW          283    HEAP                startup_mkl25z4.o
    0x1ffff078   0x00000300   Zero   RW          282    STACK               startup_mkl25z4.o


==============================================================================

Image component sizes


      Code (inc. data)   RO Data    RW Data    ZI Data      Debug   Object Name

        48          4          0          0          0       1345   delay.o
       712         38          0          0          0       3404   i2c.o
       216         22          0          0          0       5623   leds.o
       496         64          0         20          0     221388   lptimer.o
       132         14          0          0          0       1363   main.o
       312         14          0          0          0       2339   mma8451.o
        80         44        192          0        768        960   startup_mkl25z4.o
       264         42          0          0          0        585   system_mkl25z4.o

    ----------------------------------------------------------------------
      2264        242        224         20        768     237007   Object Totals
         0          0         32          0          0          0   (incl. Generated)
         4          0          0          0          0          0   (incl. Padding)

    ----------------------------------------------------------------------

      Code (inc. data)   RO Data    RW Data    ZI Data      Debug   Library Member Name

         8          0          0          0          0         68   __main.o
         0          0          0          0          0          0   __rtentry.o
        12          0          0          0          0          0   __rtentry2.o
         6          0          0          0          0          0   __rtentry4.o
        60          8          0          0          0          0   __scatter.o
        26          0          0          0          0          0   __scatter_copy.o
        28          0          0          0          0          0   __scatter_zi.o
        22          0          0          0          0         92   _rserrno.o
       488          0          0          0          0         92   aeabi_sdivfast.o
        16          0          0          0          0         68   exit.o
         6          0          0          0          0        136   heapauxi.o
         0          0          0          0          0          0   indicate_semi.o
         2          0          0          0          0          0   libinit.o
         2          0          0          0          0          0   libinit2.o
         2          0          0          0          0          0   libshutdown.o
         2          0          0          0          0          0   libshutdown2.o
         8          4          0          0         96         68   libspace.o
         8          4          0          0          0         68   rt_errno_addr_intlibspace.o
         2          0          0          0          0          0   rtexit.o
        10          0          0          0          0          0   rtexit2.o
        12          4          0          0          0         60   sys_exit.o
        62          0          0          0          0         80   sys_stackheap_outer.o
         2          0          0          0          0         68   use_no_semi.o
        46          0          0          0          0         60   cmpret.o
       124          4          0          0          0         72   d2f.o
       856         20          0          0          0        208   daddsub.o
       144          4          0          0          0         76   dcmpin.o
      1096         26        128          0          0        112   ddiv.o
        88          0          0          0          0         92   dflti.o
       584         26          0          0          0         84   dmul.o
        20          6          0          0          0         68   dnan2.o
       104          4          0          0          0        104   drlef.o
        96         12          0          0          0         72   dscalbn.o
       256          8          0          0          0         76   dsqrt.o
        84          4          0          0          0         60   f2d.o
       348          8          0          0          0        160   faddsub.o
       176          4          0          0          0         80   fmul.o
        94          0          0          0          0         68   retnan.o
         0          0          0          0          0          0   usenofp.o
       540         68        152          0          0        112   atan.o
       376         42          0          0          0        144   atan2.o
        38          6          0          0          0        204   dunder.o
        44          4          0          0          0         60   fpclassify.o
       172          0          0          0          0         76   poly.o
         0          0          8          0          0          0   qnan.o
        72          6          0          0          0         76   sqrt.o

    ----------------------------------------------------------------------
      6152        272        288          0        100       2864   Library Totals
        10          0          0          0          4          0   (incl. Padding)

    ----------------------------------------------------------------------

      Code (inc. data)   RO Data    RW Data    ZI Data      Debug   Library Name

       784         20          0          0         96        800   c_p.l
      4116        126        128          0          0       1392   fz_ps.l
      1242        126        160          0          0        672   m_ps.l

    ----------------------------------------------------------------------
      6152        272        288          0        100       2864   Library Totals

    ----------------------------------------------------------------------

==============================================================================


      Code (inc. data)   RO Data    RW Data    ZI Data      Debug   

      8416        514        512         20        868     237795   Grand Totals
      8416        514        512         20        868     237795   ELF Image Totals
      8416        514        512         20          0          0   ROM Totals

==============================================================================

    Total RO  Size (Code + RO Data)                 8928 (   8.72kB)
    Total RW  Size (RW Data + ZI Data)               888 (   0.87kB)
    Total ROM Size (Code + RO Data + RW Data)       8948 (   8.74kB)

==============================================================================

